// Jest Snapshot v1, https://goo.gl/fbAQLP

exports[`should render stateless Footer 1`] = `
ShallowWrapper {
  Symbol(enzyme.__root__): [Circular],
  Symbol(enzyme.__unrendered__): <Footer />,
  Symbol(enzyme.__renderer__): Object {
    "batchedUpdates": [Function],
    "checkPropTypes": [Function],
    "getNode": [Function],
    "render": [Function],
    "simulateError": [Function],
    "simulateEvent": [Function],
    "unmount": [Function],
  },
  Symbol(enzyme.__node__): Object {
    "instance": null,
    "key": undefined,
    "nodeType": "function",
    "props": Object {
      "children": Array [
        <ul>
          <li>
            <Link
              replace={false}
              to="/user_office"
            >
              White Paper
            </Link>
          </li>
          <li>
            <Link
              replace={false}
              to="/user_office"
            >
              ICO site
            </Link>
          </li>
          <li>
            <Link
              replace={false}
              to="/user_office"
            >
              User Agreement
            </Link>
          </li>
        </ul>,
        <ForwardRef>
          © 2018 Ongrid.pro
        </ForwardRef>,
      ],
    },
    "ref": null,
    "rendered": Array [
      Object {
        "instance": null,
        "key": undefined,
        "nodeType": "host",
        "props": Object {
          "children": Array [
            <li>
              <Link
                replace={false}
                to="/user_office"
              >
                White Paper
              </Link>
            </li>,
            <li>
              <Link
                replace={false}
                to="/user_office"
              >
                ICO site
              </Link>
            </li>,
            <li>
              <Link
                replace={false}
                to="/user_office"
              >
                User Agreement
              </Link>
            </li>,
          ],
        },
        "ref": null,
        "rendered": Array [
          Object {
            "instance": null,
            "key": undefined,
            "nodeType": "host",
            "props": Object {
              "children": <Link
                replace={false}
                to="/user_office"
              >
                White Paper
              </Link>,
            },
            "ref": null,
            "rendered": Object {
              "instance": null,
              "key": undefined,
              "nodeType": "class",
              "props": Object {
                "children": "White Paper",
                "replace": false,
                "to": "/user_office",
              },
              "ref": null,
              "rendered": "White Paper",
              "type": [Function],
            },
            "type": "li",
          },
          Object {
            "instance": null,
            "key": undefined,
            "nodeType": "host",
            "props": Object {
              "children": <Link
                replace={false}
                to="/user_office"
              >
                ICO site
              </Link>,
            },
            "ref": null,
            "rendered": Object {
              "instance": null,
              "key": undefined,
              "nodeType": "class",
              "props": Object {
                "children": "ICO site",
                "replace": false,
                "to": "/user_office",
              },
              "ref": null,
              "rendered": "ICO site",
              "type": [Function],
            },
            "type": "li",
          },
          Object {
            "instance": null,
            "key": undefined,
            "nodeType": "host",
            "props": Object {
              "children": <Link
                replace={false}
                to="/user_office"
              >
                User Agreement
              </Link>,
            },
            "ref": null,
            "rendered": Object {
              "instance": null,
              "key": undefined,
              "nodeType": "class",
              "props": Object {
                "children": "User Agreement",
                "replace": false,
                "to": "/user_office",
              },
              "ref": null,
              "rendered": "User Agreement",
              "type": [Function],
            },
            "type": "li",
          },
        ],
        "type": "ul",
      },
      Object {
        "instance": null,
        "key": undefined,
        "nodeType": "function",
        "props": Object {
          "children": "© 2018 Ongrid.pro",
        },
        "ref": null,
        "rendered": "© 2018 Ongrid.pro",
        "type": Object {
          "$$typeof": Symbol(react.forward_ref),
          "attrs": Array [],
          "componentStyle": ComponentStyle {
            "componentId": "sc-bwzfXH",
            "isStatic": true,
            "rules": Array [
              "
    font-size: 14px;
    ",
              "@media (max-width: 767px)",
              " {
        color: rgb(53, 119, 252);
    }
",
            ],
          },
          "displayName": "styled.div",
          "foldedComponentIds": Array [],
          "render": [Function],
          "styledComponentId": "sc-bwzfXH",
          "target": "div",
          "toString": [Function],
          "warnTooManyClasses": [Function],
          "withComponent": [Function],
        },
      },
    ],
    "type": Object {
      "$$typeof": Symbol(react.forward_ref),
      "attrs": Array [],
      "componentStyle": ComponentStyle {
        "componentId": "sc-bdVaJa",
        "isStatic": true,
        "rules": Array [
          "
    display: flex;
    flex-flow: column nowrap;
    align-items: center;
    justify-content: flex-end;
    flex-basis: 100%;
    text-align: center;
    margin-bottom: 40px;
    margin-top: 40px;
    ul {
        margin-bottom: 14px;
        li {
            margin-bottom: 5px;
            display: inline-block;
            ",
          "@media (max-width: 767px)",
          " {
                display: block;
            }
            &:nth-of-type(2) {
                ",
          "@media (min-width: 768px)",
          " {
                    margin: 0 25px;
                }
            }
            a {
                font-size: 14px;
                color: rgba(0,0,0,.5);
                transition: color .25s ease;
                ",
          "@media (max-width: 767px)",
          " {
                    color: rgb(0,0,0);
                }
                &:hover {
                    color: rgb(0,0,0);
                }
            }
        }
    }
",
        ],
      },
      "displayName": "styled.div",
      "foldedComponentIds": Array [],
      "render": [Function],
      "styledComponentId": "sc-bdVaJa",
      "target": "div",
      "toString": [Function],
      "warnTooManyClasses": [Function],
      "withComponent": [Function],
    },
  },
  Symbol(enzyme.__nodes__): Array [
    Object {
      "instance": null,
      "key": undefined,
      "nodeType": "function",
      "props": Object {
        "children": Array [
          <ul>
            <li>
              <Link
                replace={false}
                to="/user_office"
              >
                White Paper
              </Link>
            </li>
            <li>
              <Link
                replace={false}
                to="/user_office"
              >
                ICO site
              </Link>
            </li>
            <li>
              <Link
                replace={false}
                to="/user_office"
              >
                User Agreement
              </Link>
            </li>
          </ul>,
          <ForwardRef>
            © 2018 Ongrid.pro
          </ForwardRef>,
        ],
      },
      "ref": null,
      "rendered": Array [
        Object {
          "instance": null,
          "key": undefined,
          "nodeType": "host",
          "props": Object {
            "children": Array [
              <li>
                <Link
                  replace={false}
                  to="/user_office"
                >
                  White Paper
                </Link>
              </li>,
              <li>
                <Link
                  replace={false}
                  to="/user_office"
                >
                  ICO site
                </Link>
              </li>,
              <li>
                <Link
                  replace={false}
                  to="/user_office"
                >
                  User Agreement
                </Link>
              </li>,
            ],
          },
          "ref": null,
          "rendered": Array [
            Object {
              "instance": null,
              "key": undefined,
              "nodeType": "host",
              "props": Object {
                "children": <Link
                  replace={false}
                  to="/user_office"
                >
                  White Paper
                </Link>,
              },
              "ref": null,
              "rendered": Object {
                "instance": null,
                "key": undefined,
                "nodeType": "class",
                "props": Object {
                  "children": "White Paper",
                  "replace": false,
                  "to": "/user_office",
                },
                "ref": null,
                "rendered": "White Paper",
                "type": [Function],
              },
              "type": "li",
            },
            Object {
              "instance": null,
              "key": undefined,
              "nodeType": "host",
              "props": Object {
                "children": <Link
                  replace={false}
                  to="/user_office"
                >
                  ICO site
                </Link>,
              },
              "ref": null,
              "rendered": Object {
                "instance": null,
                "key": undefined,
                "nodeType": "class",
                "props": Object {
                  "children": "ICO site",
                  "replace": false,
                  "to": "/user_office",
                },
                "ref": null,
                "rendered": "ICO site",
                "type": [Function],
              },
              "type": "li",
            },
            Object {
              "instance": null,
              "key": undefined,
              "nodeType": "host",
              "props": Object {
                "children": <Link
                  replace={false}
                  to="/user_office"
                >
                  User Agreement
                </Link>,
              },
              "ref": null,
              "rendered": Object {
                "instance": null,
                "key": undefined,
                "nodeType": "class",
                "props": Object {
                  "children": "User Agreement",
                  "replace": false,
                  "to": "/user_office",
                },
                "ref": null,
                "rendered": "User Agreement",
                "type": [Function],
              },
              "type": "li",
            },
          ],
          "type": "ul",
        },
        Object {
          "instance": null,
          "key": undefined,
          "nodeType": "function",
          "props": Object {
            "children": "© 2018 Ongrid.pro",
          },
          "ref": null,
          "rendered": "© 2018 Ongrid.pro",
          "type": Object {
            "$$typeof": Symbol(react.forward_ref),
            "attrs": Array [],
            "componentStyle": ComponentStyle {
              "componentId": "sc-bwzfXH",
              "isStatic": true,
              "rules": Array [
                "
    font-size: 14px;
    ",
                "@media (max-width: 767px)",
                " {
        color: rgb(53, 119, 252);
    }
",
              ],
            },
            "displayName": "styled.div",
            "foldedComponentIds": Array [],
            "render": [Function],
            "styledComponentId": "sc-bwzfXH",
            "target": "div",
            "toString": [Function],
            "warnTooManyClasses": [Function],
            "withComponent": [Function],
          },
        },
      ],
      "type": Object {
        "$$typeof": Symbol(react.forward_ref),
        "attrs": Array [],
        "componentStyle": ComponentStyle {
          "componentId": "sc-bdVaJa",
          "isStatic": true,
          "rules": Array [
            "
    display: flex;
    flex-flow: column nowrap;
    align-items: center;
    justify-content: flex-end;
    flex-basis: 100%;
    text-align: center;
    margin-bottom: 40px;
    margin-top: 40px;
    ul {
        margin-bottom: 14px;
        li {
            margin-bottom: 5px;
            display: inline-block;
            ",
            "@media (max-width: 767px)",
            " {
                display: block;
            }
            &:nth-of-type(2) {
                ",
            "@media (min-width: 768px)",
            " {
                    margin: 0 25px;
                }
            }
            a {
                font-size: 14px;
                color: rgba(0,0,0,.5);
                transition: color .25s ease;
                ",
            "@media (max-width: 767px)",
            " {
                    color: rgb(0,0,0);
                }
                &:hover {
                    color: rgb(0,0,0);
                }
            }
        }
    }
",
          ],
        },
        "displayName": "styled.div",
        "foldedComponentIds": Array [],
        "render": [Function],
        "styledComponentId": "sc-bdVaJa",
        "target": "div",
        "toString": [Function],
        "warnTooManyClasses": [Function],
        "withComponent": [Function],
      },
    },
  ],
  Symbol(enzyme.__options__): Object {
    "adapter": ReactSixteenAdapter {
      "options": Object {
        "enableComponentDidUpdateOnSetState": true,
        "legacyContextMode": "parent",
        "lifecycles": Object {
          "componentDidUpdate": Object {
            "onSetState": true,
          },
          "getChildContext": Object {
            "calledByRenderer": false,
          },
          "getDerivedStateFromProps": true,
          "getSnapshotBeforeUpdate": true,
          "setState": Object {
            "skipsComponentDidUpdateOnNullish": true,
          },
        },
      },
    },
  },
}
`;
