// Jest Snapshot v1, https://goo.gl/fbAQLP

exports[`should render stateless Countdown 1`] = `
ShallowWrapper {
  Symbol(enzyme.__root__): [Circular],
  Symbol(enzyme.__unrendered__): <Countdown
    endTime="2018-12-09T15:10:47+00:00"
    startTime="2018-08-29T15:10:47+00:00"
  >
    [Function]
  </Countdown>,
  Symbol(enzyme.__renderer__): Object {
    "batchedUpdates": [Function],
    "checkPropTypes": [Function],
    "getNode": [Function],
    "render": [Function],
    "simulateError": [Function],
    "simulateEvent": [Function],
    "unmount": [Function],
  },
  Symbol(enzyme.__node__): Object {
    "instance": null,
    "key": undefined,
    "nodeType": "function",
    "props": Object {
      "children": Array [
        "00",
        " ",
        "00",
        " ",
        "00",
        " ",
        "00",
        "}",
      ],
    },
    "ref": null,
    "rendered": Array [
      "00",
      " ",
      "00",
      " ",
      "00",
      " ",
      "00",
      "}",
    ],
    "type": Symbol(react.fragment),
  },
  Symbol(enzyme.__nodes__): Array [
    Object {
      "instance": null,
      "key": undefined,
      "nodeType": "function",
      "props": Object {
        "children": Array [
          "00",
          " ",
          "00",
          " ",
          "00",
          " ",
          "00",
          "}",
        ],
      },
      "ref": null,
      "rendered": Array [
        "00",
        " ",
        "00",
        " ",
        "00",
        " ",
        "00",
        "}",
      ],
      "type": Symbol(react.fragment),
    },
  ],
  Symbol(enzyme.__options__): Object {
    "adapter": ReactSixteenAdapter {
      "options": Object {
        "enableComponentDidUpdateOnSetState": true,
        "legacyContextMode": "parent",
        "lifecycles": Object {
          "componentDidUpdate": Object {
            "onSetState": true,
          },
          "getChildContext": Object {
            "calledByRenderer": false,
          },
          "getDerivedStateFromProps": true,
          "getSnapshotBeforeUpdate": true,
          "setState": Object {
            "skipsComponentDidUpdateOnNullish": true,
          },
        },
      },
    },
  },
  Symbol(enzyme.__childContext__): null,
}
`;
