// Jest Snapshot v1, https://goo.gl/fbAQLP

exports[`should render stateless Title 1`] = `
ShallowWrapper {
  Symbol(enzyme.__root__): [Circular],
  Symbol(enzyme.__unrendered__): <Title />,
  Symbol(enzyme.__renderer__): Object {
    "batchedUpdates": [Function],
    "checkPropTypes": [Function],
    "getNode": [Function],
    "render": [Function],
    "simulateError": [Function],
    "simulateEvent": [Function],
    "unmount": [Function],
  },
  Symbol(enzyme.__node__): Object {
    "instance": null,
    "key": undefined,
    "nodeType": "function",
    "props": Object {
      "children": undefined,
      "className": undefined,
    },
    "ref": null,
    "rendered": null,
    "type": Object {
      "$$typeof": Symbol(react.forward_ref),
      "attrs": Array [],
      "componentStyle": ComponentStyle {
        "componentId": "sc-bdVaJa",
        "isStatic": true,
        "rules": Array [
          "
    font-size: 38px;
    line-height: 1;
    font-weight: 400;
    color: #233539;
    letter-spacing: 0.8px;
    margin-top: 60px;
    flex-basis: 100%;
    white-space: nowrap;
    &.Verification_head {
        margin-top: 0;
    }
    ",
          "@media (max-width: 767px)",
          " {
        font-size: 20px;
        letter-spacing: 0.4px;
        margin-top: 10px;
    }
    ",
          "@media (min-width: 768px) and (max-width: 1024px)",
          " {
        font-size: 29px;
    }
",
        ],
      },
      "displayName": "styled.h2",
      "foldedComponentIds": Array [],
      "render": [Function],
      "styledComponentId": "sc-bdVaJa",
      "target": "h2",
      "toString": [Function],
      "warnTooManyClasses": [Function],
      "withComponent": [Function],
    },
  },
  Symbol(enzyme.__nodes__): Array [
    Object {
      "instance": null,
      "key": undefined,
      "nodeType": "function",
      "props": Object {
        "children": undefined,
        "className": undefined,
      },
      "ref": null,
      "rendered": null,
      "type": Object {
        "$$typeof": Symbol(react.forward_ref),
        "attrs": Array [],
        "componentStyle": ComponentStyle {
          "componentId": "sc-bdVaJa",
          "isStatic": true,
          "rules": Array [
            "
    font-size: 38px;
    line-height: 1;
    font-weight: 400;
    color: #233539;
    letter-spacing: 0.8px;
    margin-top: 60px;
    flex-basis: 100%;
    white-space: nowrap;
    &.Verification_head {
        margin-top: 0;
    }
    ",
            "@media (max-width: 767px)",
            " {
        font-size: 20px;
        letter-spacing: 0.4px;
        margin-top: 10px;
    }
    ",
            "@media (min-width: 768px) and (max-width: 1024px)",
            " {
        font-size: 29px;
    }
",
          ],
        },
        "displayName": "styled.h2",
        "foldedComponentIds": Array [],
        "render": [Function],
        "styledComponentId": "sc-bdVaJa",
        "target": "h2",
        "toString": [Function],
        "warnTooManyClasses": [Function],
        "withComponent": [Function],
      },
    },
  ],
  Symbol(enzyme.__options__): Object {
    "adapter": ReactSixteenAdapter {
      "options": Object {
        "enableComponentDidUpdateOnSetState": true,
        "legacyContextMode": "parent",
        "lifecycles": Object {
          "componentDidUpdate": Object {
            "onSetState": true,
          },
          "getChildContext": Object {
            "calledByRenderer": false,
          },
          "getDerivedStateFromProps": true,
          "getSnapshotBeforeUpdate": true,
          "setState": Object {
            "skipsComponentDidUpdateOnNullish": true,
          },
        },
      },
    },
  },
}
`;
