// Jest Snapshot v1, https://goo.gl/fbAQLP

exports[`should render stateless SupportTabs 1`] = `
ShallowWrapper {
  Symbol(enzyme.__root__): [Circular],
  Symbol(enzyme.__unrendered__): <SupportTabs
    tabClickHandler={[MockFunction]}
  />,
  Symbol(enzyme.__renderer__): Object {
    "batchedUpdates": [Function],
    "checkPropTypes": [Function],
    "getNode": [Function],
    "render": [Function],
    "simulateError": [Function],
    "simulateEvent": [Function],
    "unmount": [Function],
  },
  Symbol(enzyme.__node__): Object {
    "instance": null,
    "key": undefined,
    "nodeType": "function",
    "props": Object {
      "children": Array [
        <ForwardRef
          active={true}
          onClick={[Function]}
        >
          New question
        </ForwardRef>,
        <ForwardRef
          active={false}
          onClick={[Function]}
        >
          My questions 
        </ForwardRef>,
      ],
    },
    "ref": null,
    "rendered": Array [
      Object {
        "instance": null,
        "key": undefined,
        "nodeType": "function",
        "props": Object {
          "active": true,
          "children": "New question",
          "onClick": [Function],
        },
        "ref": null,
        "rendered": "New question",
        "type": Object {
          "$$typeof": Symbol(react.forward_ref),
          "attrs": Array [],
          "componentStyle": ComponentStyle {
            "componentId": "sc-bwzfXH",
            "isStatic": false,
            "rules": Array [
              "
    width: 220px;
    height: 100%;
    line-height: 56px;
    text-align: center;
    border-top-left-radius: 6px;
    border-top-right-radius: 6px;
    display: inline-block;
    color: ",
              [Function],
              ";
    background: ",
              [Function],
              ";
    cursor: pointer;
    ",
              "@media (max-width: 767px)",
              " {
        font-size: 14px;
        line-height: 45px;
        width: 50%;
        flex-basis: 50%;
    }
",
            ],
          },
          "displayName": "styled.div",
          "foldedComponentIds": Array [],
          "render": [Function],
          "styledComponentId": "sc-bwzfXH",
          "target": "div",
          "toString": [Function],
          "warnTooManyClasses": [Function],
          "withComponent": [Function],
        },
      },
      Object {
        "instance": null,
        "key": undefined,
        "nodeType": "function",
        "props": Object {
          "active": false,
          "children": Array [
            "My questions ",
            undefined,
          ],
          "onClick": [Function],
        },
        "ref": null,
        "rendered": Array [
          "My questions ",
          undefined,
        ],
        "type": Object {
          "$$typeof": Symbol(react.forward_ref),
          "attrs": Array [],
          "componentStyle": ComponentStyle {
            "componentId": "sc-bwzfXH",
            "isStatic": false,
            "rules": Array [
              "
    width: 220px;
    height: 100%;
    line-height: 56px;
    text-align: center;
    border-top-left-radius: 6px;
    border-top-right-radius: 6px;
    display: inline-block;
    color: ",
              [Function],
              ";
    background: ",
              [Function],
              ";
    cursor: pointer;
    ",
              "@media (max-width: 767px)",
              " {
        font-size: 14px;
        line-height: 45px;
        width: 50%;
        flex-basis: 50%;
    }
",
            ],
          },
          "displayName": "styled.div",
          "foldedComponentIds": Array [],
          "render": [Function],
          "styledComponentId": "sc-bwzfXH",
          "target": "div",
          "toString": [Function],
          "warnTooManyClasses": [Function],
          "withComponent": [Function],
        },
      },
    ],
    "type": Object {
      "$$typeof": Symbol(react.forward_ref),
      "attrs": Array [],
      "componentStyle": ComponentStyle {
        "componentId": "sc-bdVaJa",
        "isStatic": true,
        "rules": Array [
          "
    height: 56px;
    margin-top: 30px;
    ",
          "@media (max-width: 767px)",
          " {
        display: flex;
        height: 45px;
    }
",
        ],
      },
      "displayName": "styled.div",
      "foldedComponentIds": Array [],
      "render": [Function],
      "styledComponentId": "sc-bdVaJa",
      "target": "div",
      "toString": [Function],
      "warnTooManyClasses": [Function],
      "withComponent": [Function],
    },
  },
  Symbol(enzyme.__nodes__): Array [
    Object {
      "instance": null,
      "key": undefined,
      "nodeType": "function",
      "props": Object {
        "children": Array [
          <ForwardRef
            active={true}
            onClick={[Function]}
          >
            New question
          </ForwardRef>,
          <ForwardRef
            active={false}
            onClick={[Function]}
          >
            My questions 
          </ForwardRef>,
        ],
      },
      "ref": null,
      "rendered": Array [
        Object {
          "instance": null,
          "key": undefined,
          "nodeType": "function",
          "props": Object {
            "active": true,
            "children": "New question",
            "onClick": [Function],
          },
          "ref": null,
          "rendered": "New question",
          "type": Object {
            "$$typeof": Symbol(react.forward_ref),
            "attrs": Array [],
            "componentStyle": ComponentStyle {
              "componentId": "sc-bwzfXH",
              "isStatic": false,
              "rules": Array [
                "
    width: 220px;
    height: 100%;
    line-height: 56px;
    text-align: center;
    border-top-left-radius: 6px;
    border-top-right-radius: 6px;
    display: inline-block;
    color: ",
                [Function],
                ";
    background: ",
                [Function],
                ";
    cursor: pointer;
    ",
                "@media (max-width: 767px)",
                " {
        font-size: 14px;
        line-height: 45px;
        width: 50%;
        flex-basis: 50%;
    }
",
              ],
            },
            "displayName": "styled.div",
            "foldedComponentIds": Array [],
            "render": [Function],
            "styledComponentId": "sc-bwzfXH",
            "target": "div",
            "toString": [Function],
            "warnTooManyClasses": [Function],
            "withComponent": [Function],
          },
        },
        Object {
          "instance": null,
          "key": undefined,
          "nodeType": "function",
          "props": Object {
            "active": false,
            "children": Array [
              "My questions ",
              undefined,
            ],
            "onClick": [Function],
          },
          "ref": null,
          "rendered": Array [
            "My questions ",
            undefined,
          ],
          "type": Object {
            "$$typeof": Symbol(react.forward_ref),
            "attrs": Array [],
            "componentStyle": ComponentStyle {
              "componentId": "sc-bwzfXH",
              "isStatic": false,
              "rules": Array [
                "
    width: 220px;
    height: 100%;
    line-height: 56px;
    text-align: center;
    border-top-left-radius: 6px;
    border-top-right-radius: 6px;
    display: inline-block;
    color: ",
                [Function],
                ";
    background: ",
                [Function],
                ";
    cursor: pointer;
    ",
                "@media (max-width: 767px)",
                " {
        font-size: 14px;
        line-height: 45px;
        width: 50%;
        flex-basis: 50%;
    }
",
              ],
            },
            "displayName": "styled.div",
            "foldedComponentIds": Array [],
            "render": [Function],
            "styledComponentId": "sc-bwzfXH",
            "target": "div",
            "toString": [Function],
            "warnTooManyClasses": [Function],
            "withComponent": [Function],
          },
        },
      ],
      "type": Object {
        "$$typeof": Symbol(react.forward_ref),
        "attrs": Array [],
        "componentStyle": ComponentStyle {
          "componentId": "sc-bdVaJa",
          "isStatic": true,
          "rules": Array [
            "
    height: 56px;
    margin-top: 30px;
    ",
            "@media (max-width: 767px)",
            " {
        display: flex;
        height: 45px;
    }
",
          ],
        },
        "displayName": "styled.div",
        "foldedComponentIds": Array [],
        "render": [Function],
        "styledComponentId": "sc-bdVaJa",
        "target": "div",
        "toString": [Function],
        "warnTooManyClasses": [Function],
        "withComponent": [Function],
      },
    },
  ],
  Symbol(enzyme.__options__): Object {
    "adapter": ReactSixteenAdapter {
      "options": Object {
        "enableComponentDidUpdateOnSetState": true,
        "legacyContextMode": "parent",
        "lifecycles": Object {
          "componentDidUpdate": Object {
            "onSetState": true,
          },
          "getChildContext": Object {
            "calledByRenderer": false,
          },
          "getDerivedStateFromProps": true,
          "getSnapshotBeforeUpdate": true,
          "setState": Object {
            "skipsComponentDidUpdateOnNullish": true,
          },
        },
      },
    },
  },
}
`;
